// Jest Snapshot v1, https://goo.gl/fbAQLP

exports[`App renders correctly 1`] = `
ShallowWrapper {
  "length": 1,
  Symbol(enzyme.__root__): [Circular],
  Symbol(enzyme.__unrendered__): <App />,
  Symbol(enzyme.__renderer__): Object {
    "batchedUpdates": [Function],
    "getNode": [Function],
    "render": [Function],
    "simulateEvent": [Function],
    "unmount": [Function],
  },
  Symbol(enzyme.__node__): Object {
    "instance": null,
    "key": undefined,
    "nodeType": "host",
    "props": Object {
      "children": Array [
        <a-sky />,
        <a-entity
          position="0 0 0"
        >
          <a-entity
            camera={true}
            look-controls={true}
          >
            <a-entity
              cursor="maxDistance: 30; fuse: true"
              geometry="primitive: ring; radiusInner: 0.05; radiusOuter: 0.09;"
              material="color: black; shader: flat"
              position="0 0 -3"
            >
              <a-animation
                attribute="scale"
                begin="fusing"
                dur="1500"
                easing="ease-in"
                fill="backwards"
                from="1 1 1"
                to="0.2 0.2 0.2"
              />
            </a-entity>
          </a-entity>
        </a-entity>,
      ],
    },
    "ref": null,
    "rendered": Array [
      Object {
        "instance": null,
        "key": undefined,
        "nodeType": "host",
        "props": Object {},
        "ref": "sky",
        "rendered": null,
        "type": "a-sky",
      },
      Object {
        "instance": null,
        "key": undefined,
        "nodeType": "host",
        "props": Object {
          "children": <a-entity
            camera={true}
            look-controls={true}
          >
            <a-entity
              cursor="maxDistance: 30; fuse: true"
              geometry="primitive: ring; radiusInner: 0.05; radiusOuter: 0.09;"
              material="color: black; shader: flat"
              position="0 0 -3"
            >
              <a-animation
                attribute="scale"
                begin="fusing"
                dur="1500"
                easing="ease-in"
                fill="backwards"
                from="1 1 1"
                to="0.2 0.2 0.2"
              />
            </a-entity>
          </a-entity>,
          "position": "0 0 0",
        },
        "ref": null,
        "rendered": Object {
          "instance": null,
          "key": undefined,
          "nodeType": "host",
          "props": Object {
            "camera": true,
            "children": <a-entity
              cursor="maxDistance: 30; fuse: true"
              geometry="primitive: ring; radiusInner: 0.05; radiusOuter: 0.09;"
              material="color: black; shader: flat"
              position="0 0 -3"
            >
              <a-animation
                attribute="scale"
                begin="fusing"
                dur="1500"
                easing="ease-in"
                fill="backwards"
                from="1 1 1"
                to="0.2 0.2 0.2"
              />
            </a-entity>,
            "look-controls": true,
          },
          "ref": null,
          "rendered": Object {
            "instance": null,
            "key": undefined,
            "nodeType": "host",
            "props": Object {
              "children": <a-animation
                attribute="scale"
                begin="fusing"
                dur="1500"
                easing="ease-in"
                fill="backwards"
                from="1 1 1"
                to="0.2 0.2 0.2"
              />,
              "cursor": "maxDistance: 30; fuse: true",
              "geometry": "primitive: ring; radiusInner: 0.05; radiusOuter: 0.09;",
              "material": "color: black; shader: flat",
              "position": "0 0 -3",
            },
            "ref": null,
            "rendered": Object {
              "instance": null,
              "key": undefined,
              "nodeType": "host",
              "props": Object {
                "attribute": "scale",
                "begin": "fusing",
                "dur": "1500",
                "easing": "ease-in",
                "fill": "backwards",
                "from": "1 1 1",
                "to": "0.2 0.2 0.2",
              },
              "ref": null,
              "rendered": null,
              "type": "a-animation",
            },
            "type": "a-entity",
          },
          "type": "a-entity",
        },
        "type": "a-entity",
      },
    ],
    "type": "a-scene",
  },
  Symbol(enzyme.__nodes__): Array [
    Object {
      "instance": null,
      "key": undefined,
      "nodeType": "host",
      "props": Object {
        "children": Array [
          <a-sky />,
          <a-entity
            position="0 0 0"
          >
            <a-entity
              camera={true}
              look-controls={true}
            >
              <a-entity
                cursor="maxDistance: 30; fuse: true"
                geometry="primitive: ring; radiusInner: 0.05; radiusOuter: 0.09;"
                material="color: black; shader: flat"
                position="0 0 -3"
              >
                <a-animation
                  attribute="scale"
                  begin="fusing"
                  dur="1500"
                  easing="ease-in"
                  fill="backwards"
                  from="1 1 1"
                  to="0.2 0.2 0.2"
                />
              </a-entity>
            </a-entity>
          </a-entity>,
        ],
      },
      "ref": null,
      "rendered": Array [
        Object {
          "instance": null,
          "key": undefined,
          "nodeType": "host",
          "props": Object {},
          "ref": "sky",
          "rendered": null,
          "type": "a-sky",
        },
        Object {
          "instance": null,
          "key": undefined,
          "nodeType": "host",
          "props": Object {
            "children": <a-entity
              camera={true}
              look-controls={true}
            >
              <a-entity
                cursor="maxDistance: 30; fuse: true"
                geometry="primitive: ring; radiusInner: 0.05; radiusOuter: 0.09;"
                material="color: black; shader: flat"
                position="0 0 -3"
              >
                <a-animation
                  attribute="scale"
                  begin="fusing"
                  dur="1500"
                  easing="ease-in"
                  fill="backwards"
                  from="1 1 1"
                  to="0.2 0.2 0.2"
                />
              </a-entity>
            </a-entity>,
            "position": "0 0 0",
          },
          "ref": null,
          "rendered": Object {
            "instance": null,
            "key": undefined,
            "nodeType": "host",
            "props": Object {
              "camera": true,
              "children": <a-entity
                cursor="maxDistance: 30; fuse: true"
                geometry="primitive: ring; radiusInner: 0.05; radiusOuter: 0.09;"
                material="color: black; shader: flat"
                position="0 0 -3"
              >
                <a-animation
                  attribute="scale"
                  begin="fusing"
                  dur="1500"
                  easing="ease-in"
                  fill="backwards"
                  from="1 1 1"
                  to="0.2 0.2 0.2"
                />
              </a-entity>,
              "look-controls": true,
            },
            "ref": null,
            "rendered": Object {
              "instance": null,
              "key": undefined,
              "nodeType": "host",
              "props": Object {
                "children": <a-animation
                  attribute="scale"
                  begin="fusing"
                  dur="1500"
                  easing="ease-in"
                  fill="backwards"
                  from="1 1 1"
                  to="0.2 0.2 0.2"
                />,
                "cursor": "maxDistance: 30; fuse: true",
                "geometry": "primitive: ring; radiusInner: 0.05; radiusOuter: 0.09;",
                "material": "color: black; shader: flat",
                "position": "0 0 -3",
              },
              "ref": null,
              "rendered": Object {
                "instance": null,
                "key": undefined,
                "nodeType": "host",
                "props": Object {
                  "attribute": "scale",
                  "begin": "fusing",
                  "dur": "1500",
                  "easing": "ease-in",
                  "fill": "backwards",
                  "from": "1 1 1",
                  "to": "0.2 0.2 0.2",
                },
                "ref": null,
                "rendered": null,
                "type": "a-animation",
              },
              "type": "a-entity",
            },
            "type": "a-entity",
          },
          "type": "a-entity",
        },
      ],
      "type": "a-scene",
    },
  ],
  Symbol(enzyme.__options__): Object {
    "adapter": ReactSixteenAdapter {
      "options": Object {
        "enableComponentDidUpdateOnSetState": true,
      },
    },
  },
}
`;
